Component: ARM Compiler 5.06 (build 20) Tool: armlink [4d35a3]

==============================================================================

Section Cross References

    main.o(i.main) refers to rgb.o(i.rgbInitialize) for rgbInitialize
    main.o(i.main) refers to motordriver.o(i.motorDriverInit) for motorDriverInit
    main.o(i.main) refers to bt.o(i.btInitialize) for btInitialize
    main.o(i.main) refers to gyro.o(i.gyroInit) for gyroInit
    main.o(i.main) refers to rgb.o(i.rgbNavLitesInitialize) for rgbNavLitesInitialize
    main.o(i.main) refers to systick.o(i.sysTickInitialize) for sysTickInitialize
    main.o(i.main) refers to rgb.o(i.rgbSetBrightness) for rgbSetBrightness
    bt.o(i.UART2_IRQHandler) refers to bt.o(i.NVIC_DisableIRQ) for NVIC_DisableIRQ
    bt.o(i.UART2_IRQHandler) refers to gyrodriver.o(i.gyroStraight) for gyroStraight
    bt.o(i.UART2_IRQHandler) refers to gyrodriver.o(i.waitms) for waitms
    bt.o(i.UART2_IRQHandler) refers to gyrodriver.o(i.normal) for normal
    bt.o(i.UART2_IRQHandler) refers to gyrodriver.o(i.gyroTurn) for gyroTurn
    bt.o(i.UART2_IRQHandler) refers to gyrodriver.o(i.gyroGetHdg) for gyroGetHdg
    bt.o(i.UART2_IRQHandler) refers to bt.o(i.send) for send
    bt.o(i.UART2_IRQHandler) refers to bt.o(i.NVIC_EnableIRQ) for NVIC_EnableIRQ
    bt.o(i.UART2_IRQHandler) refers to bt.o(.data) for time
    bt.o(i.btInitialize) refers to bt.o(i.NVIC_EnableIRQ) for NVIC_EnableIRQ
    bt.o(i.btInitialize) refers to bt.o(i.NVIC_SetPriority) for NVIC_SetPriority
    bt.o(i.send) refers to aeabi_sdiv.o(.text) for __aeabi_idivmod
    systick.o(i.SysTick_Handler) refers to gyrodriver.o(i.gyroCalculateHdg) for gyroCalculateHdg
    systick.o(i.SysTick_Handler) refers to rgb.o(i.rgbStrobe) for rgbStrobe
    systick.o(i.SysTick_Handler) refers to rgb.o(i.rgbRedBlue) for rgbRedBlue
    systick.o(i.SysTick_Handler) refers to rgb.o(i.RGB) for RGB
    systick.o(i.SysTick_Handler) refers to bt.o(.data) for state
    systick.o(i.sysTickInitialize) refers to aeabi_sdiv.o(.text) for __aeabi_uidivmod
    systick.o(i.sysTickInitialize) refers to systick.o(i.NVIC_SetPriority) for NVIC_SetPriority
    systick.o(i.sysTickInitialize) refers to system_mkl46z4.o(.data) for SystemCoreClock
    i2c1.o(i.i2c1_start) refers to i2c1.o(i.i2c1_set_master_mode) for i2c1_set_master_mode
    i2c1.o(i.i2c1_start) refers to i2c1.o(i.i2c1_set_tx_mode) for i2c1_set_tx_mode
    i2c1.o(i.i2c1_stop) refers to i2c1.o(i.i2c1_set_slave_mode) for i2c1_set_slave_mode
    i2c1.o(i.i2c1_stop) refers to i2c1.o(i.i2c1_set_rx_mode) for i2c1_set_rx_mode
    gyro.o(i.gyroInit) refers to i2c1.o(i.hal_i2c1_init) for hal_i2c1_init
    gyro.o(i.gyroInit) refers to gyro.o(i.gyro_write_reg) for gyro_write_reg
    gyro.o(i.gyroReadAvg) refers to gyro.o(i.gyroReadX) for gyroReadX
    gyro.o(i.gyroReadAvg) refers to gyro.o(i.gyroReadY) for gyroReadY
    gyro.o(i.gyroReadAvg) refers to gyro.o(i.gyroReadZ) for gyroReadZ
    gyro.o(i.gyroReadAvg) refers to aeabi_sdiv.o(.text) for __aeabi_idivmod
    gyro.o(i.gyroReadX) refers to gyro.o(i.gyro_read_reg) for gyro_read_reg
    gyro.o(i.gyroReadX) refers to gyro.o(.data) for GyrResX
    gyro.o(i.gyroReadY) refers to gyro.o(i.gyro_read_reg) for gyro_read_reg
    gyro.o(i.gyroReadY) refers to gyro.o(.data) for GyrResY
    gyro.o(i.gyroReadZ) refers to gyro.o(i.gyro_read_reg) for gyro_read_reg
    gyro.o(i.gyroReadZ) refers to gyro.o(.data) for GyrResZ
    gyro.o(i.gyro_read_reg) refers to i2c1.o(i.i2c1_start) for i2c1_start
    gyro.o(i.gyro_read_reg) refers to i2c1.o(i.i2c1_write_byte) for i2c1_write_byte
    gyro.o(i.gyro_read_reg) refers to i2c1.o(i.i2c1_wait) for i2c1_wait
    gyro.o(i.gyro_read_reg) refers to i2c1.o(i.i2c1_get_ack) for i2c1_get_ack
    gyro.o(i.gyro_read_reg) refers to i2c1.o(i.i2c1_repeated_start) for i2c1_repeated_start
    gyro.o(i.gyro_read_reg) refers to i2c1.o(i.i2c1_set_rx_mode) for i2c1_set_rx_mode
    gyro.o(i.gyro_read_reg) refers to i2c1.o(i.i2c1_give_nack) for i2c1_give_nack
    gyro.o(i.gyro_read_reg) refers to i2c1.o(i.i2c1_read_byte) for i2c1_read_byte
    gyro.o(i.gyro_read_reg) refers to i2c1.o(i.i2c1_stop) for i2c1_stop
    gyro.o(i.gyro_read_reg) refers to gyro.o(i.pause) for pause
    gyro.o(i.gyro_write_reg) refers to i2c1.o(i.i2c1_start) for i2c1_start
    gyro.o(i.gyro_write_reg) refers to i2c1.o(i.i2c1_write_byte) for i2c1_write_byte
    gyro.o(i.gyro_write_reg) refers to i2c1.o(i.i2c1_wait) for i2c1_wait
    gyro.o(i.gyro_write_reg) refers to i2c1.o(i.i2c1_get_ack) for i2c1_get_ack
    gyro.o(i.gyro_write_reg) refers to i2c1.o(i.i2c1_stop) for i2c1_stop
    gyro.o(i.gyro_write_reg) refers to gyro.o(i.pause) for pause
    motordriver.o(i.motorDriverInit) refers to motordriver.o(i.NVIC_SetPriority) for NVIC_SetPriority
    motordriver.o(i.setLeftTrackSpeed) refers to aeabi_sdiv.o(.text) for __aeabi_idivmod
    motordriver.o(i.setRightTrackSpeed) refers to aeabi_sdiv.o(.text) for __aeabi_idivmod
    motordriver.o(i.setTracksDir) refers to motordriver.o(i.setLeftTrackDir) for setLeftTrackDir
    motordriver.o(i.setTracksDir) refers to motordriver.o(i.setRightTrackDir) for setRightTrackDir
    motordriver.o(i.setTracksSpeed) refers to motordriver.o(i.setLeftTrackSpeed) for setLeftTrackSpeed
    motordriver.o(i.setTracksSpeed) refers to motordriver.o(i.setRightTrackSpeed) for setRightTrackSpeed
    rgb.o(i.RGB) refers to aeabi_sdiv.o(.text) for __aeabi_idivmod
    rgb.o(i.RGB) refers to rgb.o(.data) for brightness
    rgb.o(i.rgbB) refers to aeabi_sdiv.o(.text) for __aeabi_idivmod
    rgb.o(i.rgbB) refers to rgb.o(.data) for brightness
    rgb.o(i.rgbG) refers to aeabi_sdiv.o(.text) for __aeabi_idivmod
    rgb.o(i.rgbG) refers to rgb.o(.data) for brightness
    rgb.o(i.rgbR) refers to aeabi_sdiv.o(.text) for __aeabi_idivmod
    rgb.o(i.rgbR) refers to rgb.o(.data) for brightness
    rgb.o(i.rgbRedBlue) refers to rgb.o(i.RGB) for RGB
    rgb.o(i.rgbRedBlue) refers to rgb.o(i.rgbR) for rgbR
    rgb.o(i.rgbRedBlue) refers to rgb.o(i.rgbB) for rgbB
    rgb.o(i.rgbRedBlue) refers to rgb.o(.data) for init
    rgb.o(i.rgbSetBrightness) refers to rgb.o(.data) for brightness
    rgb.o(i.rgbStrobe) refers to rgb.o(i.RGB) for RGB
    rgb.o(i.rgbStrobe) refers to rgb.o(.data) for count
    gyrodriver.o(i.gyroCalculateHdg) refers to gyrodriver.o(i.waitms) for waitms
    gyrodriver.o(i.gyroCalculateHdg) refers to gyrodriver.o(i.gyroOffset) for gyroOffset
    gyrodriver.o(i.gyroCalculateHdg) refers to gyro.o(i.gyroReadZ) for gyroReadZ
    gyrodriver.o(i.gyroCalculateHdg) refers to aeabi_sdiv.o(.text) for __aeabi_idivmod
    gyrodriver.o(i.gyroCalculateHdg) refers to gyrodriver.o(.data) for gyro_init_flag
    gyrodriver.o(i.gyroGetHdg) refers to dflti.o(.text) for __aeabi_i2d
    gyrodriver.o(i.gyroGetHdg) refers to ddiv.o(.text) for __aeabi_ddiv
    gyrodriver.o(i.gyroGetHdg) refers to dfixi.o(.text) for __aeabi_d2iz
    gyrodriver.o(i.gyroGetHdg) refers to gyrodriver.o(.data) for integral
    gyrodriver.o(i.gyroOffset) refers to gyrodriver.o(i.waitms) for waitms
    gyrodriver.o(i.gyroOffset) refers to gyro.o(i.gyroReadAvg) for gyroReadAvg
    gyrodriver.o(i.gyroOffset) refers to gyrodriver.o(.data) for actual_offset
    gyrodriver.o(i.gyroStraight) refers to gyrodriver.o(i.gyroOffset) for gyroOffset
    gyrodriver.o(i.gyroStraight) refers to gyrodriver.o(i.gyroGetHdg) for gyroGetHdg
    gyrodriver.o(i.gyroStraight) refers to dflti.o(.text) for __aeabi_i2d
    gyrodriver.o(i.gyroStraight) refers to dmul.o(.text) for __aeabi_dmul
    gyrodriver.o(i.gyroStraight) refers to daddsub.o(.text) for __aeabi_dadd
    gyrodriver.o(i.gyroStraight) refers to dfixi.o(.text) for __aeabi_d2iz
    gyrodriver.o(i.gyroStraight) refers to gyrodriver.o(i.setTracks) for setTracks
    gyrodriver.o(i.gyroStraight) refers to gyrodriver.o(.data) for gyro_ready
    gyrodriver.o(i.gyroTurn) refers to gyrodriver.o(i.gyroOffset) for gyroOffset
    gyrodriver.o(i.gyroTurn) refers to gyrodriver.o(i.gyroGetHdg) for gyroGetHdg
    gyrodriver.o(i.gyroTurn) refers to dflti.o(.text) for __aeabi_i2d
    gyrodriver.o(i.gyroTurn) refers to dmul.o(.text) for __aeabi_dmul
    gyrodriver.o(i.gyroTurn) refers to daddsub.o(.text) for __aeabi_dadd
    gyrodriver.o(i.gyroTurn) refers to dfixi.o(.text) for __aeabi_d2iz
    gyrodriver.o(i.gyroTurn) refers to gyrodriver.o(i.setTracks) for setTracks
    gyrodriver.o(i.gyroTurn) refers to gyrodriver.o(.data) for gyro_ready
    gyrodriver.o(i.normal) refers to gyrodriver.o(i.setTracks) for setTracks
    gyrodriver.o(i.normal) refers to gyrodriver.o(.data) for gyro_ready
    gyrodriver.o(i.setTracks) refers to gyrodriver.o(i.waitms) for waitms
    gyrodriver.o(i.setTracks) refers to motordriver.o(i.setLeftTrackDir) for setLeftTrackDir
    gyrodriver.o(i.setTracks) refers to motordriver.o(i.setLeftTrackSpeed) for setLeftTrackSpeed
    gyrodriver.o(i.setTracks) refers to motordriver.o(i.setRightTrackDir) for setRightTrackDir
    gyrodriver.o(i.setTracks) refers to motordriver.o(i.setRightTrackSpeed) for setRightTrackSpeed
    startup_mkl46z4.o(STACK) refers (Special) to heapauxi.o(.text) for __use_two_region_memory
    startup_mkl46z4.o(HEAP) refers (Special) to heapauxi.o(.text) for __use_two_region_memory
    startup_mkl46z4.o(RESET) refers (Special) to heapauxi.o(.text) for __use_two_region_memory
    startup_mkl46z4.o(RESET) refers to startup_mkl46z4.o(STACK) for __initial_sp
    startup_mkl46z4.o(RESET) refers to startup_mkl46z4.o(.text) for Reset_Handler
    startup_mkl46z4.o(RESET) refers to systick.o(i.SysTick_Handler) for SysTick_Handler
    startup_mkl46z4.o(RESET) refers to bt.o(i.UART2_IRQHandler) for UART2_IRQHandler
    startup_mkl46z4.o(.ARM.__at_0x400) refers (Special) to heapauxi.o(.text) for __use_two_region_memory
    startup_mkl46z4.o(.text) refers (Special) to heapauxi.o(.text) for __use_two_region_memory
    startup_mkl46z4.o(.text) refers to system_mkl46z4.o(i.SystemInit) for SystemInit
    startup_mkl46z4.o(.text) refers to __main.o(!!!main) for __main
    startup_mkl46z4.o(.text) refers to startup_mkl46z4.o(HEAP) for Heap_Mem
    startup_mkl46z4.o(.text) refers to startup_mkl46z4.o(STACK) for Stack_Mem
    system_mkl46z4.o(i.SystemCoreClockUpdate) refers to aeabi_sdiv.o(.text) for __aeabi_uidivmod
    system_mkl46z4.o(i.SystemCoreClockUpdate) refers to system_mkl46z4.o(i.__ARM_common_switch8) for __ARM_common_switch8
    system_mkl46z4.o(i.SystemCoreClockUpdate) refers to system_mkl46z4.o(.data) for SystemCoreClock
    __main.o(!!!main) refers to __rtentry.o(.ARM.Collect$$rtentry$$00000000) for __rt_entry
    daddsub.o(.text) refers (Special) to usenofp.o(x$fpl$usenofp) for __I$use$fp
    ddiv.o(.text) refers (Special) to usenofp.o(x$fpl$usenofp) for __I$use$fp
    ddiv.o(.text) refers to ddiv.o(.constdata) for .constdata
    ddiv.o(.constdata) refers (Special) to usenofp.o(x$fpl$usenofp) for __I$use$fp
    dfixi.o(.text) refers (Special) to usenofp.o(x$fpl$usenofp) for __I$use$fp
    dflti.o(.text) refers (Special) to usenofp.o(x$fpl$usenofp) for __I$use$fp
    dmul.o(.text) refers (Special) to usenofp.o(x$fpl$usenofp) for __I$use$fp
    __rtentry.o(.ARM.Collect$$rtentry$$00000000) refers (Special) to __rtentry2.o(.ARM.Collect$$rtentry$$0000000A) for __rt_entry_li
    __rtentry.o(.ARM.Collect$$rtentry$$00000000) refers (Special) to __rtentry2.o(.ARM.Collect$$rtentry$$0000000D) for __rt_entry_main
    __rtentry.o(.ARM.Collect$$rtentry$$00000000) refers (Special) to __rtentry2.o(.ARM.Collect$$rtentry$$0000000C) for __rt_entry_postli_1
    __rtentry.o(.ARM.Collect$$rtentry$$00000000) refers (Special) to __rtentry2.o(.ARM.Collect$$rtentry$$00000009) for __rt_entry_postsh_1
    __rtentry.o(.ARM.Collect$$rtentry$$00000000) refers (Special) to __rtentry2.o(.ARM.Collect$$rtentry$$00000002) for __rt_entry_presh_1
    __rtentry.o(.ARM.Collect$$rtentry$$00000000) refers (Special) to __rtentry4.o(.ARM.Collect$$rtentry$$00000004) for __rt_entry_sh
    aeabi_idiv0_sigfpe.o(.text) refers to rt_div0.o(.text) for __rt_div0
    __rtentry2.o(.ARM.Collect$$rtentry$$00000008) refers to boardinit2.o(.text) for _platform_post_stackheap_init
    __rtentry2.o(.ARM.Collect$$rtentry$$0000000A) refers to libinit.o(.ARM.Collect$$libinit$$00000000) for __rt_lib_init
    __rtentry2.o(.ARM.Collect$$rtentry$$0000000B) refers to boardinit3.o(.text) for _platform_post_lib_init
    __rtentry2.o(.ARM.Collect$$rtentry$$0000000D) refers to main.o(i.main) for main
    __rtentry2.o(.ARM.Collect$$rtentry$$0000000D) refers to exit.o(.text) for exit
    __rtentry2.o(.ARM.exidx) refers to __rtentry2.o(.ARM.Collect$$rtentry$$00000001) for .ARM.Collect$$rtentry$$00000001
    __rtentry2.o(.ARM.exidx) refers to __rtentry2.o(.ARM.Collect$$rtentry$$00000008) for .ARM.Collect$$rtentry$$00000008
    __rtentry2.o(.ARM.exidx) refers to __rtentry2.o(.ARM.Collect$$rtentry$$0000000A) for .ARM.Collect$$rtentry$$0000000A
    __rtentry2.o(.ARM.exidx) refers to __rtentry2.o(.ARM.Collect$$rtentry$$0000000B) for .ARM.Collect$$rtentry$$0000000B
    __rtentry2.o(.ARM.exidx) refers to __rtentry2.o(.ARM.Collect$$rtentry$$0000000D) for .ARM.Collect$$rtentry$$0000000D
    __rtentry4.o(.ARM.Collect$$rtentry$$00000004) refers to sys_stackheap_outer.o(.text) for __user_setup_stackheap
    __rtentry4.o(.ARM.exidx) refers to __rtentry4.o(.ARM.Collect$$rtentry$$00000004) for .ARM.Collect$$rtentry$$00000004
    rt_div0.o(.text) refers to defsig_fpe_outer.o(.text) for __rt_SIGFPE
    sys_stackheap_outer.o(.text) refers to libspace.o(.text) for __user_perproc_libspace
    sys_stackheap_outer.o(.text) refers to startup_mkl46z4.o(.text) for __user_initial_stackheap
    sys_stackheap_outer.o(__vectab_stack_and_reset_area) refers to tempstk.o(.text) for __temporary_stack_top
    sys_stackheap_outer.o(__vectab_stack_and_reset_area) refers to __main.o(!!!main) for __main
    exit.o(.text) refers to rtexit.o(.ARM.Collect$$rtexit$$00000000) for __rt_exit
    defsig_fpe_outer.o(.text) refers to defsig_fpe_inner.o(.text) for __rt_SIGFPE_inner
    defsig_fpe_outer.o(.text) refers to defsig_exit.o(.text) for __sig_exit
    defsig_fpe_formal.o(.text) refers to rt_raise.o(.text) for __rt_raise
    libinit.o(.ARM.Collect$$libinit$$00000000) refers (Special) to libinit2.o(.ARM.Collect$$libinit$$0000002E) for __rt_lib_init_alloca_1
    libinit.o(.ARM.Collect$$libinit$$00000000) refers (Special) to libinit2.o(.ARM.Collect$$libinit$$0000002C) for __rt_lib_init_argv_1
    libinit.o(.ARM.Collect$$libinit$$00000000) refers (Special) to libinit2.o(.ARM.Collect$$libinit$$0000001B) for __rt_lib_init_atexit_1
    libinit.o(.ARM.Collect$$libinit$$00000000) refers (Special) to libinit2.o(.ARM.Collect$$libinit$$00000021) for __rt_lib_init_clock_1
    libinit.o(.ARM.Collect$$libinit$$00000000) refers (Special) to libinit2.o(.ARM.Collect$$libinit$$00000032) for __rt_lib_init_cpp_1
    libinit.o(.ARM.Collect$$libinit$$00000000) refers (Special) to libinit2.o(.ARM.Collect$$libinit$$00000030) for __rt_lib_init_exceptions_1
    libinit.o(.ARM.Collect$$libinit$$00000000) refers (Special) to libinit2.o(.ARM.Collect$$libinit$$00000002) for __rt_lib_init_fp_1
    libinit.o(.ARM.Collect$$libinit$$00000000) refers (Special) to libinit2.o(.ARM.Collect$$libinit$$0000001F) for __rt_lib_init_fp_trap_1
    libinit.o(.ARM.Collect$$libinit$$00000000) refers (Special) to libinit2.o(.ARM.Collect$$libinit$$00000023) for __rt_lib_init_getenv_1
    libinit.o(.ARM.Collect$$libinit$$00000000) refers (Special) to libinit2.o(.ARM.Collect$$libinit$$0000000A) for __rt_lib_init_heap_1
    libinit.o(.ARM.Collect$$libinit$$00000000) refers (Special) to libinit2.o(.ARM.Collect$$libinit$$00000011) for __rt_lib_init_lc_collate_1
    libinit.o(.ARM.Collect$$libinit$$00000000) refers (Special) to libinit2.o(.ARM.Collect$$libinit$$00000013) for __rt_lib_init_lc_ctype_1
    libinit.o(.ARM.Collect$$libinit$$00000000) refers (Special) to libinit2.o(.ARM.Collect$$libinit$$00000015) for __rt_lib_init_lc_monetary_1
    libinit.o(.ARM.Collect$$libinit$$00000000) refers (Special) to libinit2.o(.ARM.Collect$$libinit$$00000017) for __rt_lib_init_lc_numeric_1
    libinit.o(.ARM.Collect$$libinit$$00000000) refers (Special) to libinit2.o(.ARM.Collect$$libinit$$00000019) for __rt_lib_init_lc_time_1
    libinit.o(.ARM.Collect$$libinit$$00000000) refers (Special) to libinit2.o(.ARM.Collect$$libinit$$00000004) for __rt_lib_init_preinit_1
    libinit.o(.ARM.Collect$$libinit$$00000000) refers (Special) to libinit2.o(.ARM.Collect$$libinit$$0000000E) for __rt_lib_init_rand_1
    libinit.o(.ARM.Collect$$libinit$$00000000) refers (Special) to libinit2.o(.ARM.Collect$$libinit$$00000033) for __rt_lib_init_return
    libinit.o(.ARM.Collect$$libinit$$00000000) refers (Special) to libinit2.o(.ARM.Collect$$libinit$$0000001D) for __rt_lib_init_signal_1
    libinit.o(.ARM.Collect$$libinit$$00000000) refers (Special) to libinit2.o(.ARM.Collect$$libinit$$00000025) for __rt_lib_init_stdio_1
    libinit.o(.ARM.Collect$$libinit$$00000000) refers (Special) to libinit2.o(.ARM.Collect$$libinit$$0000000C) for __rt_lib_init_user_alloc_1
    libspace.o(.text) refers to libspace.o(.bss) for __libspace_start
    rtexit.o(.ARM.Collect$$rtexit$$00000000) refers (Special) to rtexit2.o(.ARM.Collect$$rtexit$$00000004) for __rt_exit_exit
    rtexit.o(.ARM.Collect$$rtexit$$00000000) refers (Special) to rtexit2.o(.ARM.Collect$$rtexit$$00000003) for __rt_exit_ls
    rtexit.o(.ARM.Collect$$rtexit$$00000000) refers (Special) to rtexit2.o(.ARM.Collect$$rtexit$$00000002) for __rt_exit_prels_1
    rtexit.o(.ARM.exidx) refers (Special) to rtexit2.o(.ARM.Collect$$rtexit$$00000004) for __rt_exit_exit
    rtexit.o(.ARM.exidx) refers (Special) to rtexit2.o(.ARM.Collect$$rtexit$$00000003) for __rt_exit_ls
    rtexit.o(.ARM.exidx) refers (Special) to rtexit2.o(.ARM.Collect$$rtexit$$00000002) for __rt_exit_prels_1
    rtexit.o(.ARM.exidx) refers to rtexit.o(.ARM.Collect$$rtexit$$00000000) for .ARM.Collect$$rtexit$$00000000
    rt_raise.o(.text) refers to __raise.o(.text) for __raise
    rt_raise.o(.text) refers to sys_exit.o(.text) for _sys_exit
    defsig_exit.o(.text) refers to sys_exit.o(.text) for _sys_exit
    defsig_fpe_inner.o(.text) refers to defsig_general.o(.text) for __default_signal_display
    libinit2.o(.ARM.Collect$$libinit$$00000010) refers to libinit2.o(.ARM.Collect$$libinit$$0000000F) for .ARM.Collect$$libinit$$0000000F
    libinit2.o(.ARM.Collect$$libinit$$00000012) refers to libinit2.o(.ARM.Collect$$libinit$$0000000F) for .ARM.Collect$$libinit$$0000000F
    libinit2.o(.ARM.Collect$$libinit$$00000014) refers to libinit2.o(.ARM.Collect$$libinit$$0000000F) for .ARM.Collect$$libinit$$0000000F
    libinit2.o(.ARM.Collect$$libinit$$00000016) refers to libinit2.o(.ARM.Collect$$libinit$$0000000F) for .ARM.Collect$$libinit$$0000000F
    libinit2.o(.ARM.Collect$$libinit$$00000018) refers to libinit2.o(.ARM.Collect$$libinit$$0000000F) for .ARM.Collect$$libinit$$0000000F
    libinit2.o(.ARM.Collect$$libinit$$00000026) refers to argv_veneer.o(.text) for __ARM_argv_veneer
    libinit2.o(.ARM.Collect$$libinit$$00000027) refers to argv_veneer.o(.text) for __ARM_argv_veneer
    sys_exit.o(.text) refers (Special) to use_no_semi.o(.text) for __I$use$semihosting
    sys_exit.o(.text) refers (Special) to indicate_semi.o(.text) for __semihosting_library_function
    rtexit2.o(.ARM.Collect$$rtexit$$00000003) refers to libshutdown.o(.ARM.Collect$$libshutdown$$00000000) for __rt_lib_shutdown
    rtexit2.o(.ARM.Collect$$rtexit$$00000004) refers to sys_exit.o(.text) for _sys_exit
    rtexit2.o(.ARM.exidx) refers to rtexit2.o(.ARM.Collect$$rtexit$$00000001) for .ARM.Collect$$rtexit$$00000001
    rtexit2.o(.ARM.exidx) refers to rtexit2.o(.ARM.Collect$$rtexit$$00000003) for .ARM.Collect$$rtexit$$00000003
    rtexit2.o(.ARM.exidx) refers to rtexit2.o(.ARM.Collect$$rtexit$$00000004) for .ARM.Collect$$rtexit$$00000004
    __raise.o(.text) refers to defsig.o(CL$$defsig) for __default_signal_handler
    defsig_general.o(.text) refers to sys_wrch.o(.text) for _ttywrch
    sys_wrch.o(.text) refers (Special) to use_no_semi.o(.text) for __I$use$semihosting
    sys_wrch.o(.text) refers (Special) to indicate_semi.o(.text) for __semihosting_library_function
    defsig.o(CL$$defsig) refers to defsig_fpe_inner.o(.text) for __rt_SIGFPE_inner
    defsig.o(CL$$defsig) refers to defsig_rtmem_inner.o(.text) for __rt_SIGRTMEM_inner
    _get_argv_nomalloc.o(.text) refers (Special) to hrguard.o(.text) for __heap_region$guard
    _get_argv_nomalloc.o(.text) refers to defsig_rtmem_outer.o(.text) for __rt_SIGRTMEM
    _get_argv_nomalloc.o(.text) refers to sys_command.o(.text) for _sys_command_string
    libshutdown.o(.ARM.Collect$$libshutdown$$00000000) refers (Special) to libshutdown2.o(.ARM.Collect$$libshutdown$$00000002) for __rt_lib_shutdown_cpp_1
    libshutdown.o(.ARM.Collect$$libshutdown$$00000000) refers (Special) to libshutdown2.o(.ARM.Collect$$libshutdown$$00000007) for __rt_lib_shutdown_fp_trap_1
    libshutdown.o(.ARM.Collect$$libshutdown$$00000000) refers (Special) to libshutdown2.o(.ARM.Collect$$libshutdown$$0000000F) for __rt_lib_shutdown_heap_1
    libshutdown.o(.ARM.Collect$$libshutdown$$00000000) refers (Special) to libshutdown2.o(.ARM.Collect$$libshutdown$$00000010) for __rt_lib_shutdown_return
    libshutdown.o(.ARM.Collect$$libshutdown$$00000000) refers (Special) to libshutdown2.o(.ARM.Collect$$libshutdown$$0000000A) for __rt_lib_shutdown_signal_1
    libshutdown.o(.ARM.Collect$$libshutdown$$00000000) refers (Special) to libshutdown2.o(.ARM.Collect$$libshutdown$$00000004) for __rt_lib_shutdown_stdio_1
    libshutdown.o(.ARM.Collect$$libshutdown$$00000000) refers (Special) to libshutdown2.o(.ARM.Collect$$libshutdown$$0000000C) for __rt_lib_shutdown_user_alloc_1
    sys_command.o(.text) refers (Special) to use_no_semi.o(.text) for __I$use$semihosting
    sys_command.o(.text) refers (Special) to indicate_semi.o(.text) for __semihosting_library_function
    defsig_abrt_inner.o(.text) refers to defsig_general.o(.text) for __default_signal_display
    defsig_rtred_inner.o(.text) refers to defsig_general.o(.text) for __default_signal_display
    defsig_rtmem_inner.o(.text) refers to defsig_general.o(.text) for __default_signal_display
    defsig_rtmem_outer.o(.text) refers to defsig_rtmem_inner.o(.text) for __rt_SIGRTMEM_inner
    defsig_rtmem_outer.o(.text) refers to defsig_exit.o(.text) for __sig_exit
    defsig_rtmem_formal.o(.text) refers to rt_raise.o(.text) for __rt_raise
    defsig_stak_inner.o(.text) refers to defsig_general.o(.text) for __default_signal_display
    defsig_pvfn_inner.o(.text) refers to defsig_general.o(.text) for __default_signal_display
    defsig_cppl_inner.o(.text) refers to defsig_general.o(.text) for __default_signal_display
    defsig_segv_inner.o(.text) refers to defsig_general.o(.text) for __default_signal_display
    defsig_other.o(.text) refers to defsig_general.o(.text) for __default_signal_display


==============================================================================

Removing Unused input sections from the image.

    Removing main.o(.rev16_text), (4 bytes).
    Removing main.o(.revsh_text), (4 bytes).
    Removing bt.o(.rev16_text), (4 bytes).
    Removing bt.o(.revsh_text), (4 bytes).
    Removing systick.o(.rev16_text), (4 bytes).
    Removing systick.o(.revsh_text), (4 bytes).
    Removing i2c1.o(.rev16_text), (4 bytes).
    Removing i2c1.o(.revsh_text), (4 bytes).
    Removing i2c1.o(i.hal_i2c1_deinit), (28 bytes).
    Removing i2c1.o(i.i2c1_give_ack), (20 bytes).
    Removing gyro.o(.rev16_text), (4 bytes).
    Removing gyro.o(.revsh_text), (4 bytes).
    Removing motordriver.o(.rev16_text), (4 bytes).
    Removing motordriver.o(.revsh_text), (4 bytes).
    Removing motordriver.o(i.setTracksDir), (20 bytes).
    Removing motordriver.o(i.setTracksSpeed), (32 bytes).
    Removing motordriver.o(.data), (40 bytes).
    Removing rgb.o(.rev16_text), (4 bytes).
    Removing rgb.o(.revsh_text), (4 bytes).
    Removing rgb.o(i.rgbG), (48 bytes).
    Removing gyrodriver.o(.rev16_text), (4 bytes).
    Removing gyrodriver.o(.revsh_text), (4 bytes).
    Removing system_mkl46z4.o(.rev16_text), (4 bytes).
    Removing system_mkl46z4.o(.revsh_text), (4 bytes).
    Removing system_mkl46z4.o(i.SystemCoreClockUpdate), (348 bytes).
    Removing system_mkl46z4.o(i.__ARM_common_switch8), (28 bytes).

26 unused section(s) (total 636 bytes) removed from the image.

==============================================================================

Image Symbol Table

    Local Symbols

    Symbol Name                              Value     Ov Type        Size  Object(Section)

    RESET                                    0x00000000   Section      192  startup_mkl46z4.o(RESET)
    ../clib/angel/boardlib.s                 0x00000000   Number         0  boardinit1.o ABSOLUTE
    ../clib/angel/boardlib.s                 0x00000000   Number         0  boardinit2.o ABSOLUTE
    ../clib/angel/boardlib.s                 0x00000000   Number         0  boardshut.o ABSOLUTE
    ../clib/angel/boardlib.s                 0x00000000   Number         0  boardinit3.o ABSOLUTE
    ../clib/angel/handlers.s                 0x00000000   Number         0  __scatter_zi.o ABSOLUTE
    ../clib/angel/handlers.s                 0x00000000   Number         0  __scatter_copy.o ABSOLUTE
    ../clib/angel/kernel.s                   0x00000000   Number         0  rtexit2.o ABSOLUTE
    ../clib/angel/kernel.s                   0x00000000   Number         0  rtexit.o ABSOLUTE
    ../clib/angel/kernel.s                   0x00000000   Number         0  __rtentry.o ABSOLUTE
    ../clib/angel/kernel.s                   0x00000000   Number         0  __rtentry2.o ABSOLUTE
    ../clib/angel/kernel.s                   0x00000000   Number         0  __rtentry4.o ABSOLUTE
    ../clib/angel/rt.s                       0x00000000   Number         0  rt_div0.o ABSOLUTE
    ../clib/angel/rt.s                       0x00000000   Number         0  aeabi_idiv0_sigfpe.o ABSOLUTE
    ../clib/angel/rt.s                       0x00000000   Number         0  aeabi_idiv0.o ABSOLUTE
    ../clib/angel/rt.s                       0x00000000   Number         0  rt_raise.o ABSOLUTE
    ../clib/angel/scatterp.s                 0x00000000   Number         0  __scatter.o ABSOLUTE
    ../clib/angel/startup.s                  0x00000000   Number         0  __main.o ABSOLUTE
    ../clib/angel/sys.s                      0x00000000   Number         0  tempstk.o ABSOLUTE
    ../clib/angel/sys.s                      0x00000000   Number         0  libspace.o ABSOLUTE
    ../clib/angel/sys.s                      0x00000000   Number         0  sys_stackheap_outer.o ABSOLUTE
    ../clib/angel/sys.s                      0x00000000   Number         0  indicate_semi.o ABSOLUTE
    ../clib/angel/sys.s                      0x00000000   Number         0  use_no_semi.o ABSOLUTE
    ../clib/angel/sysapp.c                   0x00000000   Number         0  sys_exit.o ABSOLUTE
    ../clib/angel/sysapp.c                   0x00000000   Number         0  sys_command.o ABSOLUTE
    ../clib/angel/sysapp.c                   0x00000000   Number         0  sys_wrch.o ABSOLUTE
    ../clib/armsys.c                         0x00000000   Number         0  _get_argv_nomalloc.o ABSOLUTE
    ../clib/armsys.c                         0x00000000   Number         0  argv_veneer.o ABSOLUTE
    ../clib/armsys.c                         0x00000000   Number         0  no_argv.o ABSOLUTE
    ../clib/division.s                       0x00000000   Number         0  aeabi_sdiv_div0.o ABSOLUTE
    ../clib/division.s                       0x00000000   Number         0  aeabi_sdiv.o ABSOLUTE
    ../clib/heapalloc.c                      0x00000000   Number         0  hrguard.o ABSOLUTE
    ../clib/heapaux.c                        0x00000000   Number         0  heapauxi.o ABSOLUTE
    ../clib/libinit.s                        0x00000000   Number         0  libinit.o ABSOLUTE
    ../clib/libinit.s                        0x00000000   Number         0  libshutdown.o ABSOLUTE
    ../clib/libinit.s                        0x00000000   Number         0  libinit2.o ABSOLUTE
    ../clib/libinit.s                        0x00000000   Number         0  libshutdown2.o ABSOLUTE
    ../clib/signal.c                         0x00000000   Number         0  defsig_rtmem_inner.o ABSOLUTE
    ../clib/signal.c                         0x00000000   Number         0  defsig_stak_inner.o ABSOLUTE
    ../clib/signal.c                         0x00000000   Number         0  defsig_rtmem_formal.o ABSOLUTE
    ../clib/signal.c                         0x00000000   Number         0  defsig_rtmem_outer.o ABSOLUTE
    ../clib/signal.c                         0x00000000   Number         0  defsig_abrt_inner.o ABSOLUTE
    ../clib/signal.c                         0x00000000   Number         0  defsig_fpe_formal.o ABSOLUTE
    ../clib/signal.c                         0x00000000   Number         0  defsig_segv_inner.o ABSOLUTE
    ../clib/signal.c                         0x00000000   Number         0  defsig_fpe_inner.o ABSOLUTE
    ../clib/signal.c                         0x00000000   Number         0  defsig_fpe_outer.o ABSOLUTE
    ../clib/signal.c                         0x00000000   Number         0  defsig_exit.o ABSOLUTE
    ../clib/signal.c                         0x00000000   Number         0  defsig_general.o ABSOLUTE
    ../clib/signal.c                         0x00000000   Number         0  __raise.o ABSOLUTE
    ../clib/signal.c                         0x00000000   Number         0  defsig_rtred_inner.o ABSOLUTE
    ../clib/signal.c                         0x00000000   Number         0  defsig_pvfn_inner.o ABSOLUTE
    ../clib/signal.c                         0x00000000   Number         0  defsig_cppl_inner.o ABSOLUTE
    ../clib/signal.c                         0x00000000   Number         0  defsig_other.o ABSOLUTE
    ../clib/signal.s                         0x00000000   Number         0  defsig.o ABSOLUTE
    ../clib/stdlib.c                         0x00000000   Number         0  exit.o ABSOLUTE
    ../fplib/cfplib/daddsub.c                0x00000000   Number         0  daddsub.o ABSOLUTE
    ../fplib/cfplib/ddiv.c                   0x00000000   Number         0  ddiv.o ABSOLUTE
    ../fplib/cfplib/dmul.c                   0x00000000   Number         0  dmul.o ABSOLUTE
    ../fplib/cfplib/ffix.c                   0x00000000   Number         0  dfixi.o ABSOLUTE
    ../fplib/cfplib/fflt.c                   0x00000000   Number         0  dflti.o ABSOLUTE
    ../fplib/cfplib/fpinit.c                 0x00000000   Number         0  fpinit.o ABSOLUTE
    ../fplib/usenofp.s                       0x00000000   Number         0  usenofp.o ABSOLUTE
    RTE\Device\MKL46Z256xxx4\startup_MKL46Z4.s 0x00000000   Number         0  startup_mkl46z4.o ABSOLUTE
    RTE\Device\MKL46Z256xxx4\system_MKL46Z4.c 0x00000000   Number         0  system_mkl46z4.o ABSOLUTE
    RTE\\Device\\MKL46Z256xxx4\\system_MKL46Z4.c 0x00000000   Number         0  system_mkl46z4.o ABSOLUTE
    bt.c                                     0x00000000   Number         0  bt.o ABSOLUTE
    bt.c                                     0x00000000   Number         0  bt.o ABSOLUTE
    dc.s                                     0x00000000   Number         0  dc.o ABSOLUTE
    gyro.c                                   0x00000000   Number         0  gyro.o ABSOLUTE
    gyro.c                                   0x00000000   Number         0  gyro.o ABSOLUTE
    gyroDriver.c                             0x00000000   Number         0  gyrodriver.o ABSOLUTE
    gyroDriver.c                             0x00000000   Number         0  gyrodriver.o ABSOLUTE
    i2c1.c                                   0x00000000   Number         0  i2c1.o ABSOLUTE
    i2c1.c                                   0x00000000   Number         0  i2c1.o ABSOLUTE
    main.c                                   0x00000000   Number         0  main.o ABSOLUTE
    main.c                                   0x00000000   Number         0  main.o ABSOLUTE
    motorDriver.c                            0x00000000   Number         0  motordriver.o ABSOLUTE
    motorDriver.c                            0x00000000   Number         0  motordriver.o ABSOLUTE
    rgb.c                                    0x00000000   Number         0  rgb.o ABSOLUTE
    rgb.c                                    0x00000000   Number         0  rgb.o ABSOLUTE
    sysTick.c                                0x00000000   Number         0  systick.o ABSOLUTE
    sysTick.c                                0x00000000   Number         0  systick.o ABSOLUTE
    !!!main                                  0x000000c0   Section        8  __main.o(!!!main)
    !!!scatter                               0x000000c8   Section       60  __scatter.o(!!!scatter)
    !!handler_copy                           0x00000104   Section       26  __scatter_copy.o(!!handler_copy)
    !!handler_zi                             0x00000120   Section       28  __scatter_zi.o(!!handler_zi)
    .ARM.Collect$$libinit$$00000000          0x0000013c   Section        2  libinit.o(.ARM.Collect$$libinit$$00000000)
    .ARM.Collect$$libinit$$00000002          0x0000013e   Section        0  libinit2.o(.ARM.Collect$$libinit$$00000002)
    .ARM.Collect$$libinit$$00000004          0x0000013e   Section        0  libinit2.o(.ARM.Collect$$libinit$$00000004)
    .ARM.Collect$$libinit$$0000000A          0x0000013e   Section        0  libinit2.o(.ARM.Collect$$libinit$$0000000A)
    .ARM.Collect$$libinit$$0000000C          0x0000013e   Section        0  libinit2.o(.ARM.Collect$$libinit$$0000000C)
    .ARM.Collect$$libinit$$0000000E          0x0000013e   Section        0  libinit2.o(.ARM.Collect$$libinit$$0000000E)
    .ARM.Collect$$libinit$$00000011          0x0000013e   Section        0  libinit2.o(.ARM.Collect$$libinit$$00000011)
    .ARM.Collect$$libinit$$00000013          0x0000013e   Section        0  libinit2.o(.ARM.Collect$$libinit$$00000013)
    .ARM.Collect$$libinit$$00000015          0x0000013e   Section        0  libinit2.o(.ARM.Collect$$libinit$$00000015)
    .ARM.Collect$$libinit$$00000017          0x0000013e   Section        0  libinit2.o(.ARM.Collect$$libinit$$00000017)
    .ARM.Collect$$libinit$$00000019          0x0000013e   Section        0  libinit2.o(.ARM.Collect$$libinit$$00000019)
    .ARM.Collect$$libinit$$0000001B          0x0000013e   Section        0  libinit2.o(.ARM.Collect$$libinit$$0000001B)
    .ARM.Collect$$libinit$$0000001D          0x0000013e   Section        0  libinit2.o(.ARM.Collect$$libinit$$0000001D)
    .ARM.Collect$$libinit$$0000001F          0x0000013e   Section        0  libinit2.o(.ARM.Collect$$libinit$$0000001F)
    .ARM.Collect$$libinit$$00000021          0x0000013e   Section        0  libinit2.o(.ARM.Collect$$libinit$$00000021)
    .ARM.Collect$$libinit$$00000023          0x0000013e   Section        0  libinit2.o(.ARM.Collect$$libinit$$00000023)
    .ARM.Collect$$libinit$$00000025          0x0000013e   Section        0  libinit2.o(.ARM.Collect$$libinit$$00000025)
    .ARM.Collect$$libinit$$0000002C          0x0000013e   Section        0  libinit2.o(.ARM.Collect$$libinit$$0000002C)
    .ARM.Collect$$libinit$$0000002E          0x0000013e   Section        0  libinit2.o(.ARM.Collect$$libinit$$0000002E)
    .ARM.Collect$$libinit$$00000030          0x0000013e   Section        0  libinit2.o(.ARM.Collect$$libinit$$00000030)
    .ARM.Collect$$libinit$$00000032          0x0000013e   Section        0  libinit2.o(.ARM.Collect$$libinit$$00000032)
    .ARM.Collect$$libinit$$00000033          0x0000013e   Section        2  libinit2.o(.ARM.Collect$$libinit$$00000033)
    .ARM.Collect$$libshutdown$$00000000      0x00000140   Section        2  libshutdown.o(.ARM.Collect$$libshutdown$$00000000)
    .ARM.Collect$$libshutdown$$00000002      0x00000142   Section        0  libshutdown2.o(.ARM.Collect$$libshutdown$$00000002)
    .ARM.Collect$$libshutdown$$00000004      0x00000142   Section        0  libshutdown2.o(.ARM.Collect$$libshutdown$$00000004)
    .ARM.Collect$$libshutdown$$00000007      0x00000142   Section        0  libshutdown2.o(.ARM.Collect$$libshutdown$$00000007)
    .ARM.Collect$$libshutdown$$0000000A      0x00000142   Section        0  libshutdown2.o(.ARM.Collect$$libshutdown$$0000000A)
    .ARM.Collect$$libshutdown$$0000000C      0x00000142   Section        0  libshutdown2.o(.ARM.Collect$$libshutdown$$0000000C)
    .ARM.Collect$$libshutdown$$0000000F      0x00000142   Section        0  libshutdown2.o(.ARM.Collect$$libshutdown$$0000000F)
    .ARM.Collect$$libshutdown$$00000010      0x00000142   Section        2  libshutdown2.o(.ARM.Collect$$libshutdown$$00000010)
    .ARM.Collect$$rtentry$$00000000          0x00000144   Section        0  __rtentry.o(.ARM.Collect$$rtentry$$00000000)
    .ARM.Collect$$rtentry$$00000002          0x00000144   Section        0  __rtentry2.o(.ARM.Collect$$rtentry$$00000002)
    .ARM.Collect$$rtentry$$00000004          0x00000144   Section        6  __rtentry4.o(.ARM.Collect$$rtentry$$00000004)
    .ARM.Collect$$rtentry$$00000009          0x0000014a   Section        0  __rtentry2.o(.ARM.Collect$$rtentry$$00000009)
    .ARM.Collect$$rtentry$$0000000A          0x0000014a   Section        4  __rtentry2.o(.ARM.Collect$$rtentry$$0000000A)
    .ARM.Collect$$rtentry$$0000000C          0x0000014e   Section        0  __rtentry2.o(.ARM.Collect$$rtentry$$0000000C)
    .ARM.Collect$$rtentry$$0000000D          0x0000014e   Section        8  __rtentry2.o(.ARM.Collect$$rtentry$$0000000D)
    .ARM.Collect$$rtexit$$00000000           0x00000156   Section        2  rtexit.o(.ARM.Collect$$rtexit$$00000000)
    .ARM.Collect$$rtexit$$00000002           0x00000158   Section        0  rtexit2.o(.ARM.Collect$$rtexit$$00000002)
    .ARM.Collect$$rtexit$$00000003           0x00000158   Section        4  rtexit2.o(.ARM.Collect$$rtexit$$00000003)
    .ARM.Collect$$rtexit$$00000004           0x0000015c   Section        6  rtexit2.o(.ARM.Collect$$rtexit$$00000004)
    .text                                    0x00000164   Section       52  startup_mkl46z4.o(.text)
    .text                                    0x00000198   Section      346  aeabi_sdiv.o(.text)
    .text                                    0x000002f2   Section        0  heapauxi.o(.text)
    .text                                    0x000002f8   Section        0  dfixi.o(.text)
    .text                                    0x00000364   Section        0  dflti.o(.text)
    .text                                    0x000003bc   Section       62  sys_stackheap_outer.o(.text)
    .text                                    0x000003fa   Section        2  use_no_semi.o(.text)
    .text                                    0x000003fc   Section        0  indicate_semi.o(.text)
    x$fpl$usenofp                            0x000003fc   Section        0  usenofp.o(x$fpl$usenofp)
    .ARM.__at_0x400                          0x00000400   Section       16  startup_mkl46z4.o(.ARM.__at_0x400)
    .text                                    0x00000410   Section        0  daddsub.o(.text)
    _dadd1                                   0x00000411   Thumb Code   290  daddsub.o(.text)
    _dsub1                                   0x00000533   Thumb Code   470  daddsub.o(.text)
    .text                                    0x00000768   Section        0  ddiv.o(.text)
    .text                                    0x00000bb0   Section        0  dmul.o(.text)
    .text                                    0x00000df8   Section        0  exit.o(.text)
    .text                                    0x00000e08   Section        8  libspace.o(.text)
    .text                                    0x00000e10   Section        0  sys_exit.o(.text)
    i.NVIC_DisableIRQ                        0x00000e1c   Section        0  bt.o(i.NVIC_DisableIRQ)
    NVIC_DisableIRQ                          0x00000e1d   Thumb Code    14  bt.o(i.NVIC_DisableIRQ)
    i.NVIC_EnableIRQ                         0x00000e30   Section        0  bt.o(i.NVIC_EnableIRQ)
    NVIC_EnableIRQ                           0x00000e31   Thumb Code    14  bt.o(i.NVIC_EnableIRQ)
    i.NVIC_SetPriority                       0x00000e44   Section        0  bt.o(i.NVIC_SetPriority)
    NVIC_SetPriority                         0x00000e45   Thumb Code   110  bt.o(i.NVIC_SetPriority)
    i.NVIC_SetPriority                       0x00000ebc   Section        0  systick.o(i.NVIC_SetPriority)
    NVIC_SetPriority                         0x00000ebd   Thumb Code   110  systick.o(i.NVIC_SetPriority)
    i.NVIC_SetPriority                       0x00000f34   Section        0  motordriver.o(i.NVIC_SetPriority)
    NVIC_SetPriority                         0x00000f35   Thumb Code   110  motordriver.o(i.NVIC_SetPriority)
    i.RGB                                    0x00000fac   Section        0  rgb.o(i.RGB)
    i.SysTick_Handler                        0x00001018   Section        0  systick.o(i.SysTick_Handler)
    i.SystemInit                             0x00001054   Section        0  system_mkl46z4.o(i.SystemInit)
    i.UART2_IRQHandler                       0x00001124   Section        0  bt.o(i.UART2_IRQHandler)
    i.btInitialize                           0x00001400   Section        0  bt.o(i.btInitialize)
    i.gyroCalculateHdg                       0x0000148c   Section        0  gyrodriver.o(i.gyroCalculateHdg)
    i.gyroGetHdg                             0x00001528   Section        0  gyrodriver.o(i.gyroGetHdg)
    i.gyroInit                               0x00001554   Section        0  gyro.o(i.gyroInit)
    i.gyroOffset                             0x00001564   Section        0  gyrodriver.o(i.gyroOffset)
    i.gyroReadAvg                            0x00001590   Section        0  gyro.o(i.gyroReadAvg)
    i.gyroReadX                              0x000015d8   Section        0  gyro.o(i.gyroReadX)
    i.gyroReadY                              0x00001604   Section        0  gyro.o(i.gyroReadY)
    i.gyroReadZ                              0x00001630   Section        0  gyro.o(i.gyroReadZ)
    i.gyroStraight                           0x0000165c   Section        0  gyrodriver.o(i.gyroStraight)
    i.gyroTurn                               0x00001704   Section        0  gyrodriver.o(i.gyroTurn)
    i.gyro_read_reg                          0x000017dc   Section        0  gyro.o(i.gyro_read_reg)
    i.gyro_write_reg                         0x0000183e   Section        0  gyro.o(i.gyro_write_reg)
    i.hal_i2c1_init                          0x00001880   Section        0  i2c1.o(i.hal_i2c1_init)
    i.i2c1_get_ack                           0x000018d0   Section        0  i2c1.o(i.i2c1_get_ack)
    i.i2c1_give_nack                         0x000018e8   Section        0  i2c1.o(i.i2c1_give_nack)
    i.i2c1_read_byte                         0x000018fc   Section        0  i2c1.o(i.i2c1_read_byte)
    i.i2c1_repeated_start                    0x00001908   Section        0  i2c1.o(i.i2c1_repeated_start)
    i.i2c1_set_master_mode                   0x0000191c   Section        0  i2c1.o(i.i2c1_set_master_mode)
    i.i2c1_set_rx_mode                       0x00001930   Section        0  i2c1.o(i.i2c1_set_rx_mode)
    i.i2c1_set_slave_mode                    0x00001944   Section        0  i2c1.o(i.i2c1_set_slave_mode)
    i.i2c1_set_tx_mode                       0x00001958   Section        0  i2c1.o(i.i2c1_set_tx_mode)
    i.i2c1_start                             0x0000196c   Section        0  i2c1.o(i.i2c1_start)
    i.i2c1_stop                              0x00001978   Section        0  i2c1.o(i.i2c1_stop)
    i.i2c1_wait                              0x00001984   Section        0  i2c1.o(i.i2c1_wait)
    i.i2c1_write_byte                        0x000019a4   Section        0  i2c1.o(i.i2c1_write_byte)
    i.main                                   0x000019b0   Section        0  main.o(i.main)
    i.motorDriverInit                        0x000019d4   Section        0  motordriver.o(i.motorDriverInit)
    i.normal                                 0x00001aec   Section        0  gyrodriver.o(i.normal)
    i.pause                                  0x00001b28   Section        0  gyro.o(i.pause)
    pause                                    0x00001b29   Thumb Code    12  gyro.o(i.pause)
    i.rgbB                                   0x00001b34   Section        0  rgb.o(i.rgbB)
    i.rgbInitialize                          0x00001b64   Section        0  rgb.o(i.rgbInitialize)
    i.rgbNavLitesInitialize                  0x00001c94   Section        0  rgb.o(i.rgbNavLitesInitialize)
    i.rgbR                                   0x00001d1c   Section        0  rgb.o(i.rgbR)
    i.rgbRedBlue                             0x00001d4c   Section        0  rgb.o(i.rgbRedBlue)
    i.rgbSetBrightness                       0x00001e54   Section        0  rgb.o(i.rgbSetBrightness)
    i.rgbStrobe                              0x00001e60   Section        0  rgb.o(i.rgbStrobe)
    i.send                                   0x00001f08   Section        0  bt.o(i.send)
    i.setLeftTrackDir                        0x00001f88   Section        0  motordriver.o(i.setLeftTrackDir)
    i.setLeftTrackSpeed                      0x00001fb4   Section        0  motordriver.o(i.setLeftTrackSpeed)
    i.setRightTrackDir                       0x00001fe4   Section        0  motordriver.o(i.setRightTrackDir)
    i.setRightTrackSpeed                     0x00002010   Section        0  motordriver.o(i.setRightTrackSpeed)
    i.setTracks                              0x00002040   Section        0  gyrodriver.o(i.setTracks)
    i.sysTickInitialize                      0x0000208c   Section        0  systick.o(i.sysTickInitialize)
    i.waitms                                 0x000020e8   Section        0  gyrodriver.o(i.waitms)
    .constdata                               0x00002102   Section      128  ddiv.o(.constdata)
    ddiv_reciptbl                            0x00002102   Data         128  ddiv.o(.constdata)
    .data                                    0x1fffe000   Section        7  bt.o(.data)
    .data                                    0x1fffe008   Section        6  gyro.o(.data)
    .data                                    0x1fffe00e   Section       10  rgb.o(.data)
    count                                    0x1fffe00f   Data           1  rgb.o(.data)
    stack                                    0x1fffe010   Data           2  rgb.o(.data)
    count                                    0x1fffe012   Data           1  rgb.o(.data)
    delay                                    0x1fffe013   Data           1  rgb.o(.data)
    init                                     0x1fffe014   Data           1  rgb.o(.data)
    stack                                    0x1fffe016   Data           2  rgb.o(.data)
    .data                                    0x1fffe018   Section       20  gyrodriver.o(.data)
    .data                                    0x1fffe02c   Section        4  system_mkl46z4.o(.data)
    .bss                                     0x1fffe030   Section       96  libspace.o(.bss)
    HEAP                                     0x1fffe090   Section        0  startup_mkl46z4.o(HEAP)
    STACK                                    0x1fffe090   Section      256  startup_mkl46z4.o(STACK)
    Heap_Mem                                 0x1fffe090   Data           0  startup_mkl46z4.o(HEAP)
    Stack_Mem                                0x1fffe090   Data         256  startup_mkl46z4.o(STACK)
    __initial_sp                             0x1fffe190   Data           0  startup_mkl46z4.o(STACK)

    Global Symbols

    Symbol Name                              Value     Ov Type        Size  Object(Section)

    BuildAttributes$$THM_ISAv3M$S$PE$A:L22$X:L11$S22$IEEE1$IW$USESV6$~STKCKD$USESV7$~SHL$OSPACE$ROPI$EBA8$UX$STANDARDLIB$REQ8$PRES8$EABIv2 0x00000000   Number         0  anon$$obj.o ABSOLUTE
    __ARM_use_no_argv                        0x00000000   Number         0  main.o ABSOLUTE
    __Vectors                                0x00000000   Data           4  startup_mkl46z4.o(RESET)
    __ARM_exceptions_init                     - Undefined Weak Reference
    __alloca_initialize                       - Undefined Weak Reference
    __arm_preinit_                            - Undefined Weak Reference
    __cpp_initialize__aeabi_                  - Undefined Weak Reference
    __cxa_finalize                            - Undefined Weak Reference
    __rt_locale                               - Undefined Weak Reference
    __sigvec_lookup                           - Undefined Weak Reference
    _atexit_init                              - Undefined Weak Reference
    _call_atexit_fns                          - Undefined Weak Reference
    _clock_init                               - Undefined Weak Reference
    _fp_trap_init                             - Undefined Weak Reference
    _fp_trap_shutdown                         - Undefined Weak Reference
    _get_lc_collate                           - Undefined Weak Reference
    _get_lc_ctype                             - Undefined Weak Reference
    _get_lc_monetary                          - Undefined Weak Reference
    _get_lc_numeric                           - Undefined Weak Reference
    _get_lc_time                              - Undefined Weak Reference
    _getenv_init                              - Undefined Weak Reference
    _handle_redirection                       - Undefined Weak Reference
    _init_alloc                               - Undefined Weak Reference
    _init_user_alloc                          - Undefined Weak Reference
    _initio                                   - Undefined Weak Reference
    _rand_init                                - Undefined Weak Reference
    _signal_finish                            - Undefined Weak Reference
    _signal_init                              - Undefined Weak Reference
    _terminate_alloc                          - Undefined Weak Reference
    _terminate_user_alloc                     - Undefined Weak Reference
    _terminateio                              - Undefined Weak Reference
    __Vectors_End                            0x000000c0   Data           0  startup_mkl46z4.o(RESET)
    __Vectors_Size                           0x000000c0   Number         0  startup_mkl46z4.o ABSOLUTE
    __main                                   0x000000c1   Thumb Code     8  __main.o(!!!main)
    __scatterload                            0x000000c9   Thumb Code     0  __scatter.o(!!!scatter)
    __scatterload_rt2                        0x000000c9   Thumb Code    52  __scatter.o(!!!scatter)
    __scatterload_rt2_thumb_only             0x000000c9   Thumb Code     0  __scatter.o(!!!scatter)
    __scatterload_null                       0x000000d9   Thumb Code     0  __scatter.o(!!!scatter)
    __scatterload_copy                       0x00000105   Thumb Code    26  __scatter_copy.o(!!handler_copy)
    __scatterload_zeroinit                   0x00000121   Thumb Code    28  __scatter_zi.o(!!handler_zi)
    __rt_lib_init                            0x0000013d   Thumb Code     0  libinit.o(.ARM.Collect$$libinit$$00000000)
    __rt_lib_init_alloca_1                   0x0000013f   Thumb Code     0  libinit2.o(.ARM.Collect$$libinit$$0000002E)
    __rt_lib_init_argv_1                     0x0000013f   Thumb Code     0  libinit2.o(.ARM.Collect$$libinit$$0000002C)
    __rt_lib_init_atexit_1                   0x0000013f   Thumb Code     0  libinit2.o(.ARM.Collect$$libinit$$0000001B)
    __rt_lib_init_clock_1                    0x0000013f   Thumb Code     0  libinit2.o(.ARM.Collect$$libinit$$00000021)
    __rt_lib_init_cpp_1                      0x0000013f   Thumb Code     0  libinit2.o(.ARM.Collect$$libinit$$00000032)
    __rt_lib_init_exceptions_1               0x0000013f   Thumb Code     0  libinit2.o(.ARM.Collect$$libinit$$00000030)
    __rt_lib_init_fp_1                       0x0000013f   Thumb Code     0  libinit2.o(.ARM.Collect$$libinit$$00000002)
    __rt_lib_init_fp_trap_1                  0x0000013f   Thumb Code     0  libinit2.o(.ARM.Collect$$libinit$$0000001F)
    __rt_lib_init_getenv_1                   0x0000013f   Thumb Code     0  libinit2.o(.ARM.Collect$$libinit$$00000023)
    __rt_lib_init_heap_1                     0x0000013f   Thumb Code     0  libinit2.o(.ARM.Collect$$libinit$$0000000A)
    __rt_lib_init_lc_collate_1               0x0000013f   Thumb Code     0  libinit2.o(.ARM.Collect$$libinit$$00000011)
    __rt_lib_init_lc_ctype_1                 0x0000013f   Thumb Code     0  libinit2.o(.ARM.Collect$$libinit$$00000013)
    __rt_lib_init_lc_monetary_1              0x0000013f   Thumb Code     0  libinit2.o(.ARM.Collect$$libinit$$00000015)
    __rt_lib_init_lc_numeric_1               0x0000013f   Thumb Code     0  libinit2.o(.ARM.Collect$$libinit$$00000017)
    __rt_lib_init_lc_time_1                  0x0000013f   Thumb Code     0  libinit2.o(.ARM.Collect$$libinit$$00000019)
    __rt_lib_init_preinit_1                  0x0000013f   Thumb Code     0  libinit2.o(.ARM.Collect$$libinit$$00000004)
    __rt_lib_init_rand_1                     0x0000013f   Thumb Code     0  libinit2.o(.ARM.Collect$$libinit$$0000000E)
    __rt_lib_init_return                     0x0000013f   Thumb Code     0  libinit2.o(.ARM.Collect$$libinit$$00000033)
    __rt_lib_init_signal_1                   0x0000013f   Thumb Code     0  libinit2.o(.ARM.Collect$$libinit$$0000001D)
    __rt_lib_init_stdio_1                    0x0000013f   Thumb Code     0  libinit2.o(.ARM.Collect$$libinit$$00000025)
    __rt_lib_init_user_alloc_1               0x0000013f   Thumb Code     0  libinit2.o(.ARM.Collect$$libinit$$0000000C)
    __rt_lib_shutdown                        0x00000141   Thumb Code     0  libshutdown.o(.ARM.Collect$$libshutdown$$00000000)
    __rt_lib_shutdown_cpp_1                  0x00000143   Thumb Code     0  libshutdown2.o(.ARM.Collect$$libshutdown$$00000002)
    __rt_lib_shutdown_fp_trap_1              0x00000143   Thumb Code     0  libshutdown2.o(.ARM.Collect$$libshutdown$$00000007)
    __rt_lib_shutdown_heap_1                 0x00000143   Thumb Code     0  libshutdown2.o(.ARM.Collect$$libshutdown$$0000000F)
    __rt_lib_shutdown_return                 0x00000143   Thumb Code     0  libshutdown2.o(.ARM.Collect$$libshutdown$$00000010)
    __rt_lib_shutdown_signal_1               0x00000143   Thumb Code     0  libshutdown2.o(.ARM.Collect$$libshutdown$$0000000A)
    __rt_lib_shutdown_stdio_1                0x00000143   Thumb Code     0  libshutdown2.o(.ARM.Collect$$libshutdown$$00000004)
    __rt_lib_shutdown_user_alloc_1           0x00000143   Thumb Code     0  libshutdown2.o(.ARM.Collect$$libshutdown$$0000000C)
    __rt_entry                               0x00000145   Thumb Code     0  __rtentry.o(.ARM.Collect$$rtentry$$00000000)
    __rt_entry_presh_1                       0x00000145   Thumb Code     0  __rtentry2.o(.ARM.Collect$$rtentry$$00000002)
    __rt_entry_sh                            0x00000145   Thumb Code     0  __rtentry4.o(.ARM.Collect$$rtentry$$00000004)
    __rt_entry_li                            0x0000014b   Thumb Code     0  __rtentry2.o(.ARM.Collect$$rtentry$$0000000A)
    __rt_entry_postsh_1                      0x0000014b   Thumb Code     0  __rtentry2.o(.ARM.Collect$$rtentry$$00000009)
    __rt_entry_main                          0x0000014f   Thumb Code     0  __rtentry2.o(.ARM.Collect$$rtentry$$0000000D)
    __rt_entry_postli_1                      0x0000014f   Thumb Code     0  __rtentry2.o(.ARM.Collect$$rtentry$$0000000C)
    __rt_exit                                0x00000157   Thumb Code     0  rtexit.o(.ARM.Collect$$rtexit$$00000000)
    __rt_exit_ls                             0x00000159   Thumb Code     0  rtexit2.o(.ARM.Collect$$rtexit$$00000003)
    __rt_exit_prels_1                        0x00000159   Thumb Code     0  rtexit2.o(.ARM.Collect$$rtexit$$00000002)
    __rt_exit_exit                           0x0000015d   Thumb Code     0  rtexit2.o(.ARM.Collect$$rtexit$$00000004)
    Reset_Handler                            0x00000165   Thumb Code     8  startup_mkl46z4.o(.text)
    NMI_Handler                              0x0000016d   Thumb Code     2  startup_mkl46z4.o(.text)
    HardFault_Handler                        0x0000016f   Thumb Code     2  startup_mkl46z4.o(.text)
    SVC_Handler                              0x00000171   Thumb Code     2  startup_mkl46z4.o(.text)
    PendSV_Handler                           0x00000173   Thumb Code     2  startup_mkl46z4.o(.text)
    ADC0_IRQHandler                          0x00000177   Thumb Code     0  startup_mkl46z4.o(.text)
    CMP0_IRQHandler                          0x00000177   Thumb Code     0  startup_mkl46z4.o(.text)
    DAC0_IRQHandler                          0x00000177   Thumb Code     0  startup_mkl46z4.o(.text)
    DMA0_IRQHandler                          0x00000177   Thumb Code     0  startup_mkl46z4.o(.text)
    DMA1_IRQHandler                          0x00000177   Thumb Code     0  startup_mkl46z4.o(.text)
    DMA2_IRQHandler                          0x00000177   Thumb Code     0  startup_mkl46z4.o(.text)
    DMA3_IRQHandler                          0x00000177   Thumb Code     0  startup_mkl46z4.o(.text)
    DefaultISR                               0x00000177   Thumb Code     0  startup_mkl46z4.o(.text)
    FTFA_IRQHandler                          0x00000177   Thumb Code     0  startup_mkl46z4.o(.text)
    I2C0_IRQHandler                          0x00000177   Thumb Code     0  startup_mkl46z4.o(.text)
    I2C1_IRQHandler                          0x00000177   Thumb Code     0  startup_mkl46z4.o(.text)
    I2S0_IRQHandler                          0x00000177   Thumb Code     0  startup_mkl46z4.o(.text)
    LCD_IRQHandler                           0x00000177   Thumb Code     0  startup_mkl46z4.o(.text)
    LLW_IRQHandler                           0x00000177   Thumb Code     0  startup_mkl46z4.o(.text)
    LPTimer_IRQHandler                       0x00000177   Thumb Code     0  startup_mkl46z4.o(.text)
    LVD_LVW_IRQHandler                       0x00000177   Thumb Code     0  startup_mkl46z4.o(.text)
    MCG_IRQHandler                           0x00000177   Thumb Code     0  startup_mkl46z4.o(.text)
    PIT_IRQHandler                           0x00000177   Thumb Code     0  startup_mkl46z4.o(.text)
    PORTA_IRQHandler                         0x00000177   Thumb Code     0  startup_mkl46z4.o(.text)
    PORTC_PORTD_IRQHandler                   0x00000177   Thumb Code     0  startup_mkl46z4.o(.text)
    RTC_IRQHandler                           0x00000177   Thumb Code     0  startup_mkl46z4.o(.text)
    RTC_Seconds_IRQHandler                   0x00000177   Thumb Code     0  startup_mkl46z4.o(.text)
    Reserved20_IRQHandler                    0x00000177   Thumb Code     0  startup_mkl46z4.o(.text)
    SPI0_IRQHandler                          0x00000177   Thumb Code     0  startup_mkl46z4.o(.text)
    SPI1_IRQHandler                          0x00000177   Thumb Code     0  startup_mkl46z4.o(.text)
    TPM0_IRQHandler                          0x00000177   Thumb Code     0  startup_mkl46z4.o(.text)
    TPM1_IRQHandler                          0x00000177   Thumb Code     0  startup_mkl46z4.o(.text)
    TPM2_IRQHandler                          0x00000177   Thumb Code     0  startup_mkl46z4.o(.text)
    TSI0_IRQHandler                          0x00000177   Thumb Code     0  startup_mkl46z4.o(.text)
    UART0_IRQHandler                         0x00000177   Thumb Code     0  startup_mkl46z4.o(.text)
    UART1_IRQHandler                         0x00000177   Thumb Code     0  startup_mkl46z4.o(.text)
    USB0_IRQHandler                          0x00000177   Thumb Code     0  startup_mkl46z4.o(.text)
    __user_initial_stackheap                 0x00000179   Thumb Code     0  startup_mkl46z4.o(.text)
    __aeabi_uidiv                            0x00000199   Thumb Code     0  aeabi_sdiv.o(.text)
    __aeabi_uidivmod                         0x00000199   Thumb Code    20  aeabi_sdiv.o(.text)
    __aeabi_idiv                             0x000001ad   Thumb Code     0  aeabi_sdiv.o(.text)
    __aeabi_idivmod                          0x000001ad   Thumb Code   326  aeabi_sdiv.o(.text)
    __use_two_region_memory                  0x000002f3   Thumb Code     2  heapauxi.o(.text)
    __rt_heap_escrow$2region                 0x000002f5   Thumb Code     2  heapauxi.o(.text)
    __rt_heap_expand$2region                 0x000002f7   Thumb Code     2  heapauxi.o(.text)
    __aeabi_d2iz                             0x000002f9   Thumb Code     0  dfixi.o(.text)
    _dfix                                    0x000002f9   Thumb Code    98  dfixi.o(.text)
    __aeabi_i2d_normalise                    0x00000365   Thumb Code    66  dflti.o(.text)
    __aeabi_i2d                              0x000003a7   Thumb Code    16  dflti.o(.text)
    _dflt                                    0x000003a7   Thumb Code     0  dflti.o(.text)
    __aeabi_ui2d                             0x000003b7   Thumb Code     6  dflti.o(.text)
    _dfltu                                   0x000003b7   Thumb Code     0  dflti.o(.text)
    __user_setup_stackheap                   0x000003bd   Thumb Code    62  sys_stackheap_outer.o(.text)
    __I$use$semihosting                      0x000003fb   Thumb Code     0  use_no_semi.o(.text)
    __use_no_semihosting_swi                 0x000003fb   Thumb Code     2  use_no_semi.o(.text)
    __I$use$fp                               0x000003fc   Number         0  usenofp.o(x$fpl$usenofp)
    __semihosting_library_function           0x000003fd   Thumb Code     0  indicate_semi.o(.text)
    __aeabi_dadd                             0x00000709   Thumb Code     0  daddsub.o(.text)
    _dadd                                    0x00000709   Thumb Code    26  daddsub.o(.text)
    __aeabi_dsub                             0x00000723   Thumb Code     0  daddsub.o(.text)
    _dsub                                    0x00000723   Thumb Code    22  daddsub.o(.text)
    __aeabi_drsub                            0x00000739   Thumb Code     0  daddsub.o(.text)
    _drsb                                    0x00000739   Thumb Code    28  daddsub.o(.text)
    __aeabi_ddiv                             0x00000769   Thumb Code     0  ddiv.o(.text)
    _ddiv                                    0x00000769   Thumb Code  1072  ddiv.o(.text)
    _drdiv                                   0x00000b99   Thumb Code    20  ddiv.o(.text)
    __aeabi_dmul                             0x00000bb1   Thumb Code     0  dmul.o(.text)
    _dmul                                    0x00000bb1   Thumb Code   558  dmul.o(.text)
    exit                                     0x00000df9   Thumb Code    16  exit.o(.text)
    __user_libspace                          0x00000e09   Thumb Code     8  libspace.o(.text)
    __user_perproc_libspace                  0x00000e09   Thumb Code     0  libspace.o(.text)
    __user_perthread_libspace                0x00000e09   Thumb Code     0  libspace.o(.text)
    _sys_exit                                0x00000e11   Thumb Code     8  sys_exit.o(.text)
    RGB                                      0x00000fad   Thumb Code    86  rgb.o(i.RGB)
    SysTick_Handler                          0x00001019   Thumb Code    54  systick.o(i.SysTick_Handler)
    SystemInit                               0x00001055   Thumb Code   180  system_mkl46z4.o(i.SystemInit)
    UART2_IRQHandler                         0x00001125   Thumb Code   712  bt.o(i.UART2_IRQHandler)
    btInitialize                             0x00001401   Thumb Code   124  bt.o(i.btInitialize)
    gyroCalculateHdg                         0x0000148d   Thumb Code   130  gyrodriver.o(i.gyroCalculateHdg)
    gyroGetHdg                               0x00001529   Thumb Code    30  gyrodriver.o(i.gyroGetHdg)
    gyroInit                                 0x00001555   Thumb Code    16  gyro.o(i.gyroInit)
    gyroOffset                               0x00001565   Thumb Code    34  gyrodriver.o(i.gyroOffset)
    gyroReadAvg                              0x00001591   Thumb Code    72  gyro.o(i.gyroReadAvg)
    gyroReadX                                0x000015d9   Thumb Code    38  gyro.o(i.gyroReadX)
    gyroReadY                                0x00001605   Thumb Code    38  gyro.o(i.gyroReadY)
    gyroReadZ                                0x00001631   Thumb Code    38  gyro.o(i.gyroReadZ)
    gyroStraight                             0x0000165d   Thumb Code   148  gyrodriver.o(i.gyroStraight)
    gyroTurn                                 0x00001705   Thumb Code   196  gyrodriver.o(i.gyroTurn)
    gyro_read_reg                            0x000017dd   Thumb Code    98  gyro.o(i.gyro_read_reg)
    gyro_write_reg                           0x0000183f   Thumb Code    66  gyro.o(i.gyro_write_reg)
    hal_i2c1_init                            0x00001881   Thumb Code    66  i2c1.o(i.hal_i2c1_init)
    i2c1_get_ack                             0x000018d1   Thumb Code    20  i2c1.o(i.i2c1_get_ack)
    i2c1_give_nack                           0x000018e9   Thumb Code    14  i2c1.o(i.i2c1_give_nack)
    i2c1_read_byte                           0x000018fd   Thumb Code     6  i2c1.o(i.i2c1_read_byte)
    i2c1_repeated_start                      0x00001909   Thumb Code    14  i2c1.o(i.i2c1_repeated_start)
    i2c1_set_master_mode                     0x0000191d   Thumb Code    14  i2c1.o(i.i2c1_set_master_mode)
    i2c1_set_rx_mode                         0x00001931   Thumb Code    14  i2c1.o(i.i2c1_set_rx_mode)
    i2c1_set_slave_mode                      0x00001945   Thumb Code    14  i2c1.o(i.i2c1_set_slave_mode)
    i2c1_set_tx_mode                         0x00001959   Thumb Code    14  i2c1.o(i.i2c1_set_tx_mode)
    i2c1_start                               0x0000196d   Thumb Code    12  i2c1.o(i.i2c1_start)
    i2c1_stop                                0x00001979   Thumb Code    12  i2c1.o(i.i2c1_stop)
    i2c1_wait                                0x00001985   Thumb Code    26  i2c1.o(i.i2c1_wait)
    i2c1_write_byte                          0x000019a5   Thumb Code     6  i2c1.o(i.i2c1_write_byte)
    main                                     0x000019b1   Thumb Code    36  main.o(i.main)
    motorDriverInit                          0x000019d5   Thumb Code   244  motordriver.o(i.motorDriverInit)
    normal                                   0x00001aed   Thumb Code    54  gyrodriver.o(i.normal)
    rgbB                                     0x00001b35   Thumb Code    30  rgb.o(i.rgbB)
    rgbInitialize                            0x00001b65   Thumb Code   284  rgb.o(i.rgbInitialize)
    rgbNavLitesInitialize                    0x00001c95   Thumb Code   114  rgb.o(i.rgbNavLitesInitialize)
    rgbR                                     0x00001d1d   Thumb Code    32  rgb.o(i.rgbR)
    rgbRedBlue                               0x00001d4d   Thumb Code   246  rgb.o(i.rgbRedBlue)
    rgbSetBrightness                         0x00001e55   Thumb Code     6  rgb.o(i.rgbSetBrightness)
    rgbStrobe                                0x00001e61   Thumb Code   160  rgb.o(i.rgbStrobe)
    send                                     0x00001f09   Thumb Code   122  bt.o(i.send)
    setLeftTrackDir                          0x00001f89   Thumb Code    38  motordriver.o(i.setLeftTrackDir)
    setLeftTrackSpeed                        0x00001fb5   Thumb Code    44  motordriver.o(i.setLeftTrackSpeed)
    setRightTrackDir                         0x00001fe5   Thumb Code    38  motordriver.o(i.setRightTrackDir)
    setRightTrackSpeed                       0x00002011   Thumb Code    44  motordriver.o(i.setRightTrackSpeed)
    setTracks                                0x00002041   Thumb Code    74  gyrodriver.o(i.setTracks)
    sysTickInitialize                        0x0000208d   Thumb Code    74  systick.o(i.sysTickInitialize)
    waitms                                   0x000020e9   Thumb Code    26  gyrodriver.o(i.waitms)
    Region$$Table$$Base                      0x00002184   Number         0  anon$$obj.o(Region$$Table)
    Region$$Table$$Limit                     0x000021a4   Number         0  anon$$obj.o(Region$$Table)
    time                                     0x1fffe000   Data           2  bt.o(.data)
    speed                                    0x1fffe002   Data           2  bt.o(.data)
    hdg                                      0x1fffe004   Data           2  bt.o(.data)
    state                                    0x1fffe006   Data           1  bt.o(.data)
    GyrResX                                  0x1fffe008   Data           2  gyro.o(.data)
    GyrResY                                  0x1fffe00a   Data           2  gyro.o(.data)
    GyrResZ                                  0x1fffe00c   Data           2  gyro.o(.data)
    brightness                               0x1fffe00e   Data           1  rgb.o(.data)
    read                                     0x1fffe018   Data           2  gyrodriver.o(.data)
    prev_read                                0x1fffe01a   Data           2  gyrodriver.o(.data)
    actual_offset                            0x1fffe01c   Data           2  gyrodriver.o(.data)
    integral                                 0x1fffe020   Data           4  gyrodriver.o(.data)
    gyro_ready                               0x1fffe024   Data           1  gyrodriver.o(.data)
    gyro_init_flag                           0x1fffe028   Data           4  gyrodriver.o(.data)
    SystemCoreClock                          0x1fffe02c   Data           4  system_mkl46z4.o(.data)
    __libspace_start                         0x1fffe030   Data          96  libspace.o(.bss)
    __temporary_stack_top$libspace           0x1fffe090   Data           0  libspace.o(.bss)



==============================================================================

Memory Map of the image

  Image Entry point : 0x00000165

  Load Region LR_1 (Base: 0x00000000, Size: 0x000021d4, Max: 0xffffffff, ABSOLUTE)

    Execution Region ER_RO (Base: 0x00000000, Size: 0x000021a4, Max: 0xffffffff, ABSOLUTE)

    Base Addr    Size         Type   Attr      Idx    E Section Name        Object

    0x00000000   0x000000c0   Data   RO          541    RESET               startup_mkl46z4.o
    0x000000c0   0x00000008   Code   RO          591  * !!!main             c_p.l(__main.o)
    0x000000c8   0x0000003c   Code   RO          772    !!!scatter          c_p.l(__scatter.o)
    0x00000104   0x0000001a   Code   RO          774    !!handler_copy      c_p.l(__scatter_copy.o)
    0x0000011e   0x00000002   PAD
    0x00000120   0x0000001c   Code   RO          776    !!handler_zi        c_p.l(__scatter_zi.o)
    0x0000013c   0x00000002   Code   RO          641    .ARM.Collect$$libinit$$00000000  c_p.l(libinit.o)
    0x0000013e   0x00000000   Code   RO          655    .ARM.Collect$$libinit$$00000002  c_p.l(libinit2.o)
    0x0000013e   0x00000000   Code   RO          657    .ARM.Collect$$libinit$$00000004  c_p.l(libinit2.o)
    0x0000013e   0x00000000   Code   RO          660    .ARM.Collect$$libinit$$0000000A  c_p.l(libinit2.o)
    0x0000013e   0x00000000   Code   RO          662    .ARM.Collect$$libinit$$0000000C  c_p.l(libinit2.o)
    0x0000013e   0x00000000   Code   RO          664    .ARM.Collect$$libinit$$0000000E  c_p.l(libinit2.o)
    0x0000013e   0x00000000   Code   RO          667    .ARM.Collect$$libinit$$00000011  c_p.l(libinit2.o)
    0x0000013e   0x00000000   Code   RO          669    .ARM.Collect$$libinit$$00000013  c_p.l(libinit2.o)
    0x0000013e   0x00000000   Code   RO          671    .ARM.Collect$$libinit$$00000015  c_p.l(libinit2.o)
    0x0000013e   0x00000000   Code   RO          673    .ARM.Collect$$libinit$$00000017  c_p.l(libinit2.o)
    0x0000013e   0x00000000   Code   RO          675    .ARM.Collect$$libinit$$00000019  c_p.l(libinit2.o)
    0x0000013e   0x00000000   Code   RO          677    .ARM.Collect$$libinit$$0000001B  c_p.l(libinit2.o)
    0x0000013e   0x00000000   Code   RO          679    .ARM.Collect$$libinit$$0000001D  c_p.l(libinit2.o)
    0x0000013e   0x00000000   Code   RO          681    .ARM.Collect$$libinit$$0000001F  c_p.l(libinit2.o)
    0x0000013e   0x00000000   Code   RO          683    .ARM.Collect$$libinit$$00000021  c_p.l(libinit2.o)
    0x0000013e   0x00000000   Code   RO          685    .ARM.Collect$$libinit$$00000023  c_p.l(libinit2.o)
    0x0000013e   0x00000000   Code   RO          687    .ARM.Collect$$libinit$$00000025  c_p.l(libinit2.o)
    0x0000013e   0x00000000   Code   RO          691    .ARM.Collect$$libinit$$0000002C  c_p.l(libinit2.o)
    0x0000013e   0x00000000   Code   RO          693    .ARM.Collect$$libinit$$0000002E  c_p.l(libinit2.o)
    0x0000013e   0x00000000   Code   RO          695    .ARM.Collect$$libinit$$00000030  c_p.l(libinit2.o)
    0x0000013e   0x00000000   Code   RO          697    .ARM.Collect$$libinit$$00000032  c_p.l(libinit2.o)
    0x0000013e   0x00000002   Code   RO          698    .ARM.Collect$$libinit$$00000033  c_p.l(libinit2.o)
    0x00000140   0x00000002   Code   RO          729    .ARM.Collect$$libshutdown$$00000000  c_p.l(libshutdown.o)
    0x00000142   0x00000000   Code   RO          755    .ARM.Collect$$libshutdown$$00000002  c_p.l(libshutdown2.o)
    0x00000142   0x00000000   Code   RO          757    .ARM.Collect$$libshutdown$$00000004  c_p.l(libshutdown2.o)
    0x00000142   0x00000000   Code   RO          760    .ARM.Collect$$libshutdown$$00000007  c_p.l(libshutdown2.o)
    0x00000142   0x00000000   Code   RO          763    .ARM.Collect$$libshutdown$$0000000A  c_p.l(libshutdown2.o)
    0x00000142   0x00000000   Code   RO          765    .ARM.Collect$$libshutdown$$0000000C  c_p.l(libshutdown2.o)
    0x00000142   0x00000000   Code   RO          768    .ARM.Collect$$libshutdown$$0000000F  c_p.l(libshutdown2.o)
    0x00000142   0x00000002   Code   RO          769    .ARM.Collect$$libshutdown$$00000010  c_p.l(libshutdown2.o)
    0x00000144   0x00000000   Code   RO          604    .ARM.Collect$$rtentry$$00000000  c_p.l(__rtentry.o)
    0x00000144   0x00000000   Code   RO          611    .ARM.Collect$$rtentry$$00000002  c_p.l(__rtentry2.o)
    0x00000144   0x00000006   Code   RO          623    .ARM.Collect$$rtentry$$00000004  c_p.l(__rtentry4.o)
    0x0000014a   0x00000000   Code   RO          613    .ARM.Collect$$rtentry$$00000009  c_p.l(__rtentry2.o)
    0x0000014a   0x00000004   Code   RO          614    .ARM.Collect$$rtentry$$0000000A  c_p.l(__rtentry2.o)
    0x0000014e   0x00000000   Code   RO          616    .ARM.Collect$$rtentry$$0000000C  c_p.l(__rtentry2.o)
    0x0000014e   0x00000008   Code   RO          617    .ARM.Collect$$rtentry$$0000000D  c_p.l(__rtentry2.o)
    0x00000156   0x00000002   Code   RO          646    .ARM.Collect$$rtexit$$00000000  c_p.l(rtexit.o)
    0x00000158   0x00000000   Code   RO          702    .ARM.Collect$$rtexit$$00000002  c_p.l(rtexit2.o)
    0x00000158   0x00000004   Code   RO          703    .ARM.Collect$$rtexit$$00000003  c_p.l(rtexit2.o)
    0x0000015c   0x00000006   Code   RO          704    .ARM.Collect$$rtexit$$00000004  c_p.l(rtexit2.o)
    0x00000162   0x00000002   PAD
    0x00000164   0x00000034   Code   RO          543  * .text               startup_mkl46z4.o
    0x00000198   0x0000015a   Code   RO          585    .text               c_p.l(aeabi_sdiv.o)
    0x000002f2   0x00000006   Code   RO          589    .text               c_p.l(heapauxi.o)
    0x000002f8   0x0000006c   Code   RO          598    .text               fz_ps.l(dfixi.o)
    0x00000364   0x00000058   Code   RO          600    .text               fz_ps.l(dflti.o)
    0x000003bc   0x0000003e   Code   RO          627    .text               c_p.l(sys_stackheap_outer.o)
    0x000003fa   0x00000002   Code   RO          718    .text               c_p.l(use_no_semi.o)
    0x000003fc   0x00000000   Code   RO          720    .text               c_p.l(indicate_semi.o)
    0x000003fc   0x00000000   Code   RO          609    x$fpl$usenofp       fz_ps.l(usenofp.o)
    0x000003fc   0x00000004   PAD
    0x00000400   0x00000010   Code   RO          542    .ARM.__at_0x400     startup_mkl46z4.o
    0x00000410   0x00000358   Code   RO          593    .text               fz_ps.l(daddsub.o)
    0x00000768   0x00000448   Code   RO          595    .text               fz_ps.l(ddiv.o)
    0x00000bb0   0x00000248   Code   RO          602    .text               fz_ps.l(dmul.o)
    0x00000df8   0x00000010   Code   RO          630    .text               c_p.l(exit.o)
    0x00000e08   0x00000008   Code   RO          642    .text               c_p.l(libspace.o)
    0x00000e10   0x0000000c   Code   RO          699    .text               c_p.l(sys_exit.o)
    0x00000e1c   0x00000014   Code   RO           66    i.NVIC_DisableIRQ   bt.o
    0x00000e30   0x00000014   Code   RO           67    i.NVIC_EnableIRQ    bt.o
    0x00000e44   0x00000078   Code   RO           68    i.NVIC_SetPriority  bt.o
    0x00000ebc   0x00000078   Code   RO          125    i.NVIC_SetPriority  systick.o
    0x00000f34   0x00000078   Code   RO          331    i.NVIC_SetPriority  motordriver.o
    0x00000fac   0x0000006c   Code   RO          402    i.RGB               rgb.o
    0x00001018   0x0000003c   Code   RO          126    i.SysTick_Handler   systick.o
    0x00001054   0x000000d0   Code   RO          552    i.SystemInit        system_mkl46z4.o
    0x00001124   0x000002dc   Code   RO           69    i.UART2_IRQHandler  bt.o
    0x00001400   0x0000008c   Code   RO           70    i.btInitialize      bt.o
    0x0000148c   0x0000009c   Code   RO          476    i.gyroCalculateHdg  gyrodriver.o
    0x00001528   0x0000002c   Code   RO          477    i.gyroGetHdg        gyrodriver.o
    0x00001554   0x00000010   Code   RO          267    i.gyroInit          gyro.o
    0x00001564   0x0000002c   Code   RO          478    i.gyroOffset        gyrodriver.o
    0x00001590   0x00000048   Code   RO          268    i.gyroReadAvg       gyro.o
    0x000015d8   0x0000002c   Code   RO          269    i.gyroReadX         gyro.o
    0x00001604   0x0000002c   Code   RO          270    i.gyroReadY         gyro.o
    0x00001630   0x0000002c   Code   RO          271    i.gyroReadZ         gyro.o
    0x0000165c   0x000000a8   Code   RO          479    i.gyroStraight      gyrodriver.o
    0x00001704   0x000000d8   Code   RO          480    i.gyroTurn          gyrodriver.o
    0x000017dc   0x00000062   Code   RO          272    i.gyro_read_reg     gyro.o
    0x0000183e   0x00000042   Code   RO          273    i.gyro_write_reg    gyro.o
    0x00001880   0x00000050   Code   RO          164    i.hal_i2c1_init     i2c1.o
    0x000018d0   0x00000018   Code   RO          165    i.i2c1_get_ack      i2c1.o
    0x000018e8   0x00000014   Code   RO          167    i.i2c1_give_nack    i2c1.o
    0x000018fc   0x0000000c   Code   RO          168    i.i2c1_read_byte    i2c1.o
    0x00001908   0x00000014   Code   RO          169    i.i2c1_repeated_start  i2c1.o
    0x0000191c   0x00000014   Code   RO          170    i.i2c1_set_master_mode  i2c1.o
    0x00001930   0x00000014   Code   RO          171    i.i2c1_set_rx_mode  i2c1.o
    0x00001944   0x00000014   Code   RO          172    i.i2c1_set_slave_mode  i2c1.o
    0x00001958   0x00000014   Code   RO          173    i.i2c1_set_tx_mode  i2c1.o
    0x0000196c   0x0000000c   Code   RO          174    i.i2c1_start        i2c1.o
    0x00001978   0x0000000c   Code   RO          175    i.i2c1_stop         i2c1.o
    0x00001984   0x00000020   Code   RO          176    i.i2c1_wait         i2c1.o
    0x000019a4   0x0000000c   Code   RO          177    i.i2c1_write_byte   i2c1.o
    0x000019b0   0x00000024   Code   RO            3    i.main              main.o
    0x000019d4   0x00000118   Code   RO          332    i.motorDriverInit   motordriver.o
    0x00001aec   0x0000003c   Code   RO          481    i.normal            gyrodriver.o
    0x00001b28   0x0000000c   Code   RO          274    i.pause             gyro.o
    0x00001b34   0x00000030   Code   RO          403    i.rgbB              rgb.o
    0x00001b64   0x00000130   Code   RO          405    i.rgbInitialize     rgb.o
    0x00001c94   0x00000088   Code   RO          406    i.rgbNavLitesInitialize  rgb.o
    0x00001d1c   0x00000030   Code   RO          407    i.rgbR              rgb.o
    0x00001d4c   0x00000108   Code   RO          408    i.rgbRedBlue        rgb.o
    0x00001e54   0x0000000c   Code   RO          409    i.rgbSetBrightness  rgb.o
    0x00001e60   0x000000a8   Code   RO          410    i.rgbStrobe         rgb.o
    0x00001f08   0x00000080   Code   RO           71    i.send              bt.o
    0x00001f88   0x0000002c   Code   RO          333    i.setLeftTrackDir   motordriver.o
    0x00001fb4   0x00000030   Code   RO          334    i.setLeftTrackSpeed  motordriver.o
    0x00001fe4   0x0000002c   Code   RO          335    i.setRightTrackDir  motordriver.o
    0x00002010   0x00000030   Code   RO          336    i.setRightTrackSpeed  motordriver.o
    0x00002040   0x0000004a   Code   RO          482    i.setTracks         gyrodriver.o
    0x0000208a   0x00000002   PAD
    0x0000208c   0x0000005c   Code   RO          127    i.sysTickInitialize  systick.o
    0x000020e8   0x0000001a   Code   RO          483    i.waitms            gyrodriver.o
    0x00002102   0x00000080   Data   RO          596    .constdata          fz_ps.l(ddiv.o)
    0x00002182   0x00000002   PAD
    0x00002184   0x00000020   Data   RO          770    Region$$Table       anon$$obj.o


    Execution Region ER_RW (Base: 0x1fffe000, Size: 0x00000030, Max: 0xffffffff, ABSOLUTE)

    Base Addr    Size         Type   Attr      Idx    E Section Name        Object

    0x1fffe000   0x00000007   Data   RW           72    .data               bt.o
    0x1fffe007   0x00000001   PAD
    0x1fffe008   0x00000006   Data   RW          275    .data               gyro.o
    0x1fffe00e   0x0000000a   Data   RW          411    .data               rgb.o
    0x1fffe018   0x00000014   Data   RW          484    .data               gyrodriver.o
    0x1fffe02c   0x00000004   Data   RW          553    .data               system_mkl46z4.o


    Execution Region ER_ZI (Base: 0x1fffe030, Size: 0x00000160, Max: 0xffffffff, ABSOLUTE)

    Base Addr    Size         Type   Attr      Idx    E Section Name        Object

    0x1fffe030   0x00000060   Zero   RW          643    .bss                c_p.l(libspace.o)
    0x1fffe090   0x00000000   Zero   RW          540    HEAP                startup_mkl46z4.o
    0x1fffe090   0x00000100   Zero   RW          539    STACK               startup_mkl46z4.o


==============================================================================

Image component sizes


      Code (inc. data)   RO Data    RW Data    ZI Data      Debug   Object Name

      1160         64          0          7          0       9656   bt.o
       396         18          0          6          0       3880   gyro.o
       788         96          0         20          0       4427   gyrodriver.o
       304         72          0          0          0       4813   i2c1.o
        36          0          0          0          0     141223   main.o
       584         66          0          0          0       9332   motordriver.o
      1088        130          0         10          0       3785   rgb.o
        68         38        192          0        256        824   startup_mkl46z4.o
       208         28          0          4          0        739   system_mkl46z4.o
       272         34          0          0          0       7826   systick.o

    ----------------------------------------------------------------------
      4906        546        224         48        256     186505   Object Totals
         0          0         32          0          0          0   (incl. Generated)
         2          0          0          1          0          0   (incl. Padding)

    ----------------------------------------------------------------------

      Code (inc. data)   RO Data    RW Data    ZI Data      Debug   Library Member Name

         8          0          0          0          0         68   __main.o
         0          0          0          0          0          0   __rtentry.o
        12          0          0          0          0          0   __rtentry2.o
         6          0          0          0          0          0   __rtentry4.o
        60          8          0          0          0          0   __scatter.o
        26          0          0          0          0          0   __scatter_copy.o
        28          0          0          0          0          0   __scatter_zi.o
       346          0          0          0          0         92   aeabi_sdiv.o
        16          0          0          0          0         68   exit.o
         6          0          0          0          0        136   heapauxi.o
         0          0          0          0          0          0   indicate_semi.o
         2          0          0          0          0          0   libinit.o
         2          0          0          0          0          0   libinit2.o
         2          0          0          0          0          0   libshutdown.o
         2          0          0          0          0          0   libshutdown2.o
         8          4          0          0         96         68   libspace.o
         2          0          0          0          0          0   rtexit.o
        10          0          0          0          0          0   rtexit2.o
        12          4          0          0          0         60   sys_exit.o
        62          0          0          0          0         80   sys_stackheap_outer.o
         2          0          0          0          0         68   use_no_semi.o
       856         20          0          0          0        208   daddsub.o
      1096         26        128          0          0        112   ddiv.o
       108         10          0          0          0         72   dfixi.o
        88          0          0          0          0         92   dflti.o
       584         26          0          0          0         84   dmul.o
         0          0          0          0          0          0   usenofp.o

    ----------------------------------------------------------------------
      3352         98        130          0         96       1208   Library Totals
         8          0          2          0          0          0   (incl. Padding)

    ----------------------------------------------------------------------

      Code (inc. data)   RO Data    RW Data    ZI Data      Debug   Library Name

       612         16          0          0         96        640   c_p.l
      2732         82        128          0          0        568   fz_ps.l

    ----------------------------------------------------------------------
      3352         98        130          0         96       1208   Library Totals

    ----------------------------------------------------------------------

==============================================================================


      Code (inc. data)   RO Data    RW Data    ZI Data      Debug   

      8258        644        354         48        352     185105   Grand Totals
      8258        644        354         48        352     185105   ELF Image Totals
      8258        644        354         48          0          0   ROM Totals

==============================================================================

    Total RO  Size (Code + RO Data)                 8612 (   8.41kB)
    Total RW  Size (RW Data + ZI Data)               400 (   0.39kB)
    Total ROM Size (Code + RO Data + RW Data)       8660 (   8.46kB)

==============================================================================

